00:03.016  blend            | Read blend: "C:\Users\apek-anna\Developer\the-maldek-station\art\blender\render_demo\maldek_render_demo.blend"
00:03.375  blend            | Read blend: "C:\Users\apek-anna\Developer\the-maldek-station\art\blender\visual_fidelity_01\Maldek_Control_Art_Sample.blend"
00:03.532  blend            | Read blend: "C:\Users\apek-anna\Developer\the-maldek-station\art\blender\visual_fidelity_02\Maldek_Architecture_Redesign.blend"
00:04.125  blend            | Read blend: "C:\Users\apek-anna\Developer\the-maldek-station\art\blender\visual_fidelity_03\Maldek_Architecture_Redesign.blend"
00:05.563  blend            | Read blend: "C:\Users\apek-anna\Developer\the-maldek-station\art\blender\visual_fidelity_04\Maldek_Architecture_Redesign.blend"
00:07.438  blend            | Read blend: "C:\Users\apek-anna\Developer\the-maldek-station\art\blender\visual_fidelity_05\Maldek_Architecture_Redesign.blend"
00:11.172  blend            | Read blend: "C:\Users\apek-anna\Developer\the-maldek-station\art\blender\visual_fidelity_06\Maldek_Integrated_Station.blend"
00:13.188  blend            | Read blend: "C:\Users\apek-anna\Developer\the-maldek-station\art\blender\visual_fidelity_07\Maldek_Station_Cleanup.blend"
00:15.219  blend            | Read blend: "C:\Users\apek-anna\Developer\the-maldek-station\art\checkpoints\pre_vf07\Unsaved_VF06_Review.blend"
00:16.688  blend            | Read blend: "C:\Users\apek-anna\Developer\the-maldek-station\art\unreal_handoff\forest_test\forest_terrain.blend"
00:16.938  blend            | Read blend: "C:\Users\apek-anna\Developer\the-maldek-station\art\blender\millford_v2_blockout_01.blend"
00:17.000  blend            | Read blend: "C:\Users\apek-anna\Developer\the-maldek-station\art\blender\revision_02\millford_v2_cliff_02.blend"
00:17.110  blend            | Read blend: "C:\Users\apek-anna\Developer\the-maldek-station\art\blender\revision_03\assets\pine_tree_01_1k.blend"
00:19.922  blend            | Read blend: "C:\Users\apek-anna\Developer\the-maldek-station\art\blender\revision_03\millford_v2_night_03.blend"
00:20.438  blend            | Read blend: "C:\Users\apek-anna\Developer\the-maldek-station\art\blender\revision_04\millford_v2_detail_04.blend"
00:20.750  blend            | Read blend: "C:\Users\apek-anna\Developer\the-maldek-station\art\blender\revision_04_refinement\millford_v2_refinement_04.blend"
00:21.141  blend            | Read blend: "C:\Users\apek-anna\Developer\the-maldek-station\art\unreal_handoff\revision05\complete_route_terrain.blend"
00:21.204  blend            | Read blend: "C:\Users\apek-anna\Developer\the-maldek-station\art\unreal_handoff\revision06\complete_route_terrain.blend"
00:21.219  blend            | Read blend: "C:\Users\apek-anna\Developer\the-maldek-station\art\unreal_handoff\revision10\canyon_approach.blend"
00:21.250  blend            | Read blend: "C:\Users\apek-anna\Developer\the-maldek-station\art\unreal_handoff\revision10\station_patched.blend"
00:21.610  blend            | Read blend: "C:\Users\apek-anna\Developer\the-maldek-station\art\unreal_handoff\revision11\station_layout.blend"
00:22.032  blend            | Read blend: "C:\Users\apek-anna\Developer\the-maldek-station\art\unreal_handoff\revision11\terrain.blend"
00:22.094  blend            | Read blend: "C:\Users\apek-anna\Developer\the-maldek-station\art\unreal_handoff\station_local_terrain.blend"
CHECKPOINT_DEPENDENCY_AUDIT_COMPLETE 23
Blender 5.0.1 (hash a3db93c5b259 built 2025-12-16 01:32:30)

Blender quit
