00:00.703  blend            | Read blend: "C:\Users\apek-anna\Developer\the-maldek-station\art\blender\visual_fidelity_06\Maldek_Integrated_Station.blend"
VF06_RENDER 01_Integrated_Station
00:15.593  render           | Saved: 'C:\Users\apek-anna\Developer\the-maldek-station\art\blender\visual_fidelity_06\previews\01_Integrated_Station.png'
VF06_RENDER 02_Whole_Site
00:26.953  render           | Saved: 'C:\Users\apek-anna\Developer\the-maldek-station\art\blender\visual_fidelity_06\previews\02_Whole_Site.png'
VF06_RENDER 03_Dock_Approach
00:44.015  render           | Saved: 'C:\Users\apek-anna\Developer\the-maldek-station\art\blender\visual_fidelity_06\previews\03_Dock_Approach.png'
VF06_RENDER 04_Lower_Drive
01:04.828  render           | Saved: 'C:\Users\apek-anna\Developer\the-maldek-station\art\blender\visual_fidelity_06\previews\04_Lower_Drive.png'
VF06_RENDER 05_Rear_Arrival
01:17.484  render           | Saved: 'C:\Users\apek-anna\Developer\the-maldek-station\art\blender\visual_fidelity_06\previews\05_Rear_Arrival.png'
VF06_RENDER 06_Service_Yard
01:30.375  render           | Saved: 'C:\Users\apek-anna\Developer\the-maldek-station\art\blender\visual_fidelity_06\previews\06_Service_Yard.png'
C:\Users\apek-anna\Developer\the-maldek-station\art\blender\visual_fidelity_06\scripts\render_review.py:20: DeprecationWarning: 'Material.use_nodes' is expected to be removed in Blender 6.0
  m=bpy.data.materials.new('VF06_Plan_Ink');m.diffuse_color=(.012,.018,.019,1);m.use_nodes=True;m.node_tree.nodes['Principled BSDF'].inputs['Base Color'].default_value=(.012,.018,.019,1)
VF06_RENDER 07_Public_Plan
01:38.031  render           | Saved: 'C:\Users\apek-anna\Developer\the-maldek-station\art\blender\visual_fidelity_06\previews\07_Public_Plan.png'
VF06_RENDER 08_Lower_Plan
01:45.312  render           | Saved: 'C:\Users\apek-anna\Developer\the-maldek-station\art\blender\visual_fidelity_06\previews\08_Lower_Plan.png'
VF06_RENDER 09_Station_Section
01:52.547  render           | Saved: 'C:\Users\apek-anna\Developer\the-maldek-station\art\blender\visual_fidelity_06\previews\09_Station_Section.png'
VF06_RENDER 10_Quarters
02:15.047  render           | Saved: 'C:\Users\apek-anna\Developer\the-maldek-station\art\blender\visual_fidelity_06\previews\10_Quarters.png'
Blender 5.0.1 (hash a3db93c5b259 built 2025-12-16 01:32:30)

Blender quit
